
Michu@DESKTOP-PQGDM01 MINGW64 ~
$ git config --global user.email "michal.marciniak.it@gmail.com"

Michu@DESKTOP-PQGDM01 MINGW64 ~
$ git config --global user.name "Michał MarciniaK"

Michu@DESKTOP-PQGDM01 MINGW64 ~
$ cd

Michu@DESKTOP-PQGDM01 MINGW64 ~
$ dir
3D\ Objects           ntuser.dat.LOG1
AppData               ntuser.dat.LOG2
Contacts              NTUSER.DAT{fd9a35db-49fe-11e9-aa2c-248a07783950}.TM.blf
Cookies               NTUSER.DAT{fd9a35db-49fe-11e9-aa2c-248a07783950}.TMContainer00000000000000000001.regtrans-ms
Dane\ aplikacji       NTUSER.DAT{fd9a35db-49fe-11e9-aa2c-248a07783950}.TMContainer00000000000000000002.regtrans-ms
Desktop               ntuser.ini
Documents             OneDrive
Downloads             Pictures
Favorites             PrintHood
Links                 Recent
Menu\ Start           Saved\ Games
MicrosoftEdgeBackups  Searches
Moje\ dokumenty       SendTo
Music                 Szablony
NetHood               Ustawienia\ lokalne
NTUSER.DAT            Videos

Michu@DESKTOP-PQGDM01 MINGW64 ~
$ cd c:/xampp/htdocs

Michu@DESKTOP-PQGDM01 MINGW64 /c/xampp/htdocs
$ dir
applications.html  bitnami.css  CZN  dashboard  favicon.ico  img  index.php  webalizer  xampp

Michu@DESKTOP-PQGDM01 MINGW64 /c/xampp/htdocs
$ cd CZN

Michu@DESKTOP-PQGDM01 MINGW64 /c/xampp/htdocs/CZN (master)
$ git init
Reinitialized existing Git repository in C:/xampp/htdocs/CZN/.git/

Michu@DESKTOP-PQGDM01 MINGW64 /c/xampp/htdocs/CZN (master)
$ git pull
Already up to date.

Michu@DESKTOP-PQGDM01 MINGW64 /c/xampp/htdocs/CZN (master)
$ git branch                                                                                                                                                                                                   * master
                                                                                                                                                                                                               Michu@DESKTOP-PQGDM01 MINGW64 /c/xampp/htdocs/CZN (master)
$ git checkout -t origin/krzysiek_s                                                                                                                                                                            Switched to a new branch 'krzysiek_s'
Branch 'krzysiek_s' set up to track remote branch 'krzysiek_s' from 'origin'.

Michu@DESKTOP-PQGDM01 MINGW64 /c/xampp/htdocs/CZN (krzysiek_s)
$ git request-pull master ./
warn: refs/heads/krzysiek_s found at ./ but points to a different object
warn: Are you sure you pushed 'HEAD' there?
The following changes since commit 4ab96b9414a73ec0970f2f46c2eb60c4cf110754:

  Merge pull request #8 from Myras13/michal_m (2020-04-12 15:11:46 +0200)

are available in the Git repository at:

  ./

for you to fetch changes up to 4ab96b9414a73ec0970f2f46c2eb60c4cf110754:

  Merge pull request #8 from Myras13/michal_m (2020-04-12 15:11:46 +0200)

----------------------------------------------------------------

Michu@DESKTOP-PQGDM01 MINGW64 /c/xampp/htdocs/CZN (krzysiek_s)
$ git request-pull master ./                                                          warn: refs/heads/krzysiek_s found at ./ but points to a different object
warn: Are you sure you pushed 'HEAD' there?
The following changes since commit 4ab96b9414a73ec0970f2f46c2eb60c4cf110754:

  Merge pull request #8 from Myras13/michal_m (2020-04-12 15:11:46 +0200)

are available in the Git repository at:

  ./

for you to fetch changes up to 0301976aa1bbb73bb0157faff4f2b5120486494a:

  remote machine (2020-04-12 16:31:58 +0200)

----------------------------------------------------------------
Michał MarciniaK (1):
      remote machine

 js/start.js | 1 +
 1 file changed, 1 insertion(+)
 create mode 100644 js/start.js

Michu@DESKTOP-PQGDM01 MINGW64 /c/xampp/htdocs/CZN (krzysiek_s)
$ git commit
On branch krzysiek_s
Your branch is ahead of 'origin/krzysiek_s' by 1 commit.
  (use "git push" to publish your local commits)

nothing to commit, working tree clean

Michu@DESKTOP-PQGDM01 MINGW64 /c/xampp/htdocs/CZN (krzysiek_s)
$ git status
On branch krzysiek_s
Your branch is ahead of 'origin/krzysiek_s' by 1 commit.
  (use "git push" to publish your local commits)

nothing to commit, working tree clean

Michu@DESKTOP-PQGDM01 MINGW64 /c/xampp/htdocs/CZN (krzysiek_s)
$ git remove -v
git: 'remove' is not a git command. See 'git --help'.

The most similar command is
        remote

Michu@DESKTOP-PQGDM01 MINGW64 /c/xampp/htdocs/CZN (krzysiek_s)
$ git remote -v
origin  https://github.com/Myras13/CZN.git (fetch)
origin  https://github.com/Myras13/CZN.git (push)

Michu@DESKTOP-PQGDM01 MINGW64 /c/xampp/htdocs/CZN (krzysiek_s)
$ git fetch origin

Michu@DESKTOP-PQGDM01 MINGW64 /c/xampp/htdocs/CZN (krzysiek_s)
$ git remote add upstream https://github.com/Myras13/CZN.git

Michu@DESKTOP-PQGDM01 MINGW64 /c/xampp/htdocs/CZN (krzysiek_s)
$ git fetch upstream
From https://github.com/Myras13/CZN
 * [new branch]      krzysiek_s -> upstream/krzysiek_s
 * [new branch]      master     -> upstream/master
 * [new branch]      michal_m   -> upstream/michal_m
 * [new branch]      michal_t   -> upstream/michal_t

Michu@DESKTOP-PQGDM01 MINGW64 /c/xampp/htdocs/CZN (krzysiek_s)
$ git checkout master
Switched to branch 'master'
Your branch is up to date with 'origin/master'.

Michu@DESKTOP-PQGDM01 MINGW64 /c/xampp/htdocs/CZN (master)
$ git merge upstream/master
Already up to date.

Michu@DESKTOP-PQGDM01 MINGW64 /c/xampp/htdocs/CZN (master)
$ git status
On branch master
Your branch is up to date with 'origin/master'.

nothing to commit, working tree clean

Michu@DESKTOP-PQGDM01 MINGW64 /c/xampp/htdocs/CZN (master)
$ git checkout krzysiek_s
Switched to branch 'krzysiek_s'
Your branch is up to date with 'origin/krzysiek_s'.

Michu@DESKTOP-PQGDM01 MINGW64 /c/xampp/htdocs/CZN (krzysiek_s)
$ git status
On branch krzysiek_s
Your branch is up to date with 'origin/krzysiek_s'.

nothing to commit, working tree clean

Michu@DESKTOP-PQGDM01 MINGW64 /c/xampp/htdocs/CZN (krzysiek_s)
$ git commit
On branch krzysiek_s
Your branch is up to date with 'origin/krzysiek_s'.

nothing to commit, working tree clean

Michu@DESKTOP-PQGDM01 MINGW64 /c/xampp/htdocs/CZN (krzysiek_s)
$ git fetch upstream
From https://github.com/Myras13/CZN
   4ab96b9..d7a70f2  krzysiek_s -> upstream/krzysiek_s

Michu@DESKTOP-PQGDM01 MINGW64 /c/xampp/htdocs/CZN (krzysiek_s)
$ git merge upstream/master
Removing test.php
Merge made by the 'recursive' strategy.
 test.php | 1 -
 1 file changed, 1 deletion(-)
 delete mode 100644 test.php

Michu@DESKTOP-PQGDM01 MINGW64 /c/xampp/htdocs/CZN (krzysiek_s)
$ git merge origin/master
Already up to date.

Michu@DESKTOP-PQGDM01 MINGW64 /c/xampp/htdocs/CZN (krzysiek_s)
$ git merge upstream/krzysiek_s
Already up to date.

Michu@DESKTOP-PQGDM01 MINGW64 /c/xampp/htdocs/CZN (krzysiek_s)
$ git merge upstream/master
Already up to date.

Michu@DESKTOP-PQGDM01 MINGW64 /c/xampp/htdocs/CZN (krzysiek_s)
$ git merge origin/master
Already up to date.

Michu@DESKTOP-PQGDM01 MINGW64 /c/xampp/htdocs/CZN (krzysiek_s)
$ git merge origin/krzysiek_s
Already up to date.

Michu@DESKTOP-PQGDM01 MINGW64 /c/xampp/htdocs/CZN (krzysiek_s)
$